Ss, Ss, Gg, Rb, Gg, Ss, Ss, Gg, Rb, Gg, Ss, Ss, Gg, Rb, Gg, Ss, Ss, Gg, Rb, Gg, Ss, Ss, Gg, Rb, Gg, Ss, Ss, Gg, Rb, Gg, Ss, Ss, Gg, Rb, Gg, Ss, Ss, Gg, Rb, Gg
Ss, Ds, Gg, Rb, Gg, Ss, Ds, Gg, Rb, Gg, Ss, Ds, Gg, Rb, Gg, Ss, Ds, Gg, Rb, Gg, Ss, Ss, Gg, Rb, Gg, Ss, Ss, Gg, Rb, Gg, Ss, Ss, Gg, Rb, Gg, Ss, Ss, Gg, Rb, Gg
Ds, Gg, Gg, Rb, Gg, Gg, Gg, Ds, Rb, Gg, Gg, Gg, Ds, Rb, Gg, Gg, Gg, Ds, Rb, Gg, Ss, Ss, Gg, Rb, Gg, Ss, Ss, Gg, Rb, Gg, Ss, Ss, Gg, Rb, Gg, Ss, Ss, Gg, Rb, Gg
Gg, Gg, Ds, Rb, Gg, Gg, Ds, Ds, Rb, Rb, Gg, Ds, Ds, Rb, Rb, Gg, Ds, Ds, Rb, Rb, Ss, Ss, Gg, Rb, Gg, Ss, Ss, Gg, Rb, Gg, Ss, Ss, Gg, Rb, Gg, Ss, Ss, Gg, Rb, Gg
Gg, Ds, Ds, Rb, Rb, Gg, Rb, Gg, Ss, Ds, Gg, Rb, Gg, Ss, Ds, Gg, Rb, Gg, Ss, Ds, Ss, Ss, Gg, Rb, Gg, Ss, Ss, Gg, Rb, Gg, Ss, Ss, Gg, Rb, Gg, Ss, Ss, Gg, Rb, Gg
Ss, Ss, Gg, Rb, Gg, Ss, Ss, Gg, Rb, Gg, Ss, Ss, Gg, Rb, Gg, Ss, Ss, Gg, Rb, Gg, Ss, Ss, Gg, Rb, Gg, Ss, Ss, Gg, Rb, Gg, Ss, Ss, Gg, Rb, Gg, Ss, Ss, Gg, Rb, Gg
Ss, Ds, Gg, Rb, Gg, Ss, Ds, Gg, Rb, Gg, Ss, Ds, Gg, Rb, Gg, Ss, Ds, Gg, Rb, Gg, Ss, Ss, Gg, Rb, Gg, Ss, Ss, Gg, Rb, Gg, Ss, Ss, Gg, Rb, Gg, Ss, Ss, Gg, Rb, Gg
Ds, Gg, Gg, Rb, Gg, Gg, Gg, Ds, Rb, Gg, Gg, Gg, Ds, Rb, Gg, Gg, Gg, Ds, Rb, Gg, Ss, Ss, Gg, Rb, Gg, Ss, Ss, Gg, Rb, Gg, Ss, Ss, Gg, Rb, Gg, Ss, Ss, Gg, Rb, Gg
Gg, Gg, Ds, Rb, Gg, Gg, Ds, Ds, Rb, Rb, Gg, Ds, Ds, Rb, Rb, Gg, Ds, Ds, Rb, Rb, Ss, Ss, Gg, Rb, Gg, Ss, Ss, Gg, Rb, Gg, Ss, Ss, Gg, Rb, Gg, Ss, Ss, Gg, Rb, Gg
Gg, Ds, Ds, Rb, Rb, Gg, Rb, Gg, Ss, Ds, Gg, Rb, Gg, Ss, Ds, Gg, Rb, Gg, Ss, Ds, Ss, Ss, Gg, Rb, Gg, Ss, Ss, Gg, Rb, Gg, Ss, Ss, Gg, Rb, Gg, Ss, Ss, Gg, Rb, Gg
Ss, Ss, Gg, Rb, Gg, Ss, Ss, Gg, Rb, Gg, Ss, Ss, Gg, Rb, Gg, Ss, Ss, Gg, Rb, Gg, Ss, Ss, Gg, Rb, Gg, Ss, Ss, Gg, Rb, Gg, Ss, Ss, Gg, Rb, Gg, Ss, Ss, Gg, Rb, Gg
Ss, Ds, Gg, Rb, Gg, Ss, Ds, Gg, Rb, Gg, Ss, Ds, Gg, Rb, Gg, Ss, Ds, Gg, Rb, Gg, Ss, Ss, Gg, Rb, Gg, Ss, Ss, Gg, Rb, Gg, Ss, Ss, Gg, Rb, Gg, Ss, Ss, Gg, Rb, Gg
Ds, Gg, Gg, Rb, Gg, Gg, Gg, Ds, Rb, Gg, Gg, Gg, Ds, Rb, Gg, Gg, Gg, Ds, Rb, Gg, Ss, Ss, Gg, Rb, Gg, Ss, Ss, Gg, Rb, Gg, Ss, Ss, Gg, Rb, Gg, Ss, Ss, Gg, Rb, Gg
Gg, Gg, Ds, Rb, Gg, Gg, Ds, Ds, Rb, Rb, Gg, Ds, Ds, Rb, Rb, Gg, Ds, Ds, Rb, Rb, Ss, Ss, Gg, Rb, Gg, Ss, Ss, Gg, Rb, Gg, Ss, Ss, Gg, Rb, Gg, Ss, Ss, Gg, Rb, Gg
Gg, Ds, Ds, Rb, Rb, Gg, Rb, Gg, Ss, Ds, Gg, Rb, Gg, Ss, Ds, Gg, Rb, Gg, Ss, Ds, Ss, Ss, Gg, Rb, Gg, Ss, Ss, Gg, Rb, Gg, Ss, Ss, Gg, Rb, Gg, Ss, Ss, Gg, Rb, Gg
Ss, Ss, Gg, Rb, Gg, Ss, Ss, Gg, Rb, Gg, Ss, Ss, Gg, Rb, Gg, Ss, Ss, Gg, Rb, Gg, Ss, Ss, Gg, Rb, Gg, Ss, Ss, Gg, Rb, Gg, Ss, Ss, Gg, Rb, Gg, Ss, Ss, Gg, Rb, Gg
Ss, Ds, Gg, Rb, Gg, Ss, Ds, Gg, Rb, Gg, Ss, Ds, Gg, Rb, Gg, Ss, Ds, Gg, Rb, Gg, Ss, Ss, Gg, Rb, Gg, Ss, Ss, Gg, Rb, Gg, Ss, Ss, Gg, Rb, Gg, Ss, Ss, Gg, Rb, Gg
Ds, Gg, Gg, Rb, Gg, Gg, Gg, Ds, Rb, Gg, Gg, Gg, Ds, Rb, Gg, Gg, Gg, Ds, Rb, Gg, Ss, Ss, Gg, Rb, Gg, Ss, Ss, Gg, Rb, Gg, Ss, Ss, Gg, Rb, Gg, Ss, Ss, Gg, Rb, Gg
Gg, Gg, Ds, Rb, Gg, Gg, Ds, Ds, Rb, Rb, Gg, Ds, Ds, Rb, Rb, Gg, Ds, Ds, Rb, Rb, Ss, Ss, Gg, Rb, Gg, Ss, Ss, Gg, Rb, Gg, Ss, Ss, Gg, Rb, Gg, Ss, Ss, Gg, Rb, Gg
Gg, Ds, Ds, Rb, Rb, Gg, Rb, Gg, Ss, Ds, Gg, Rb, Gg, Ss, Ds, Gg, Rb, Gg, Ss, Ds, Ss, Ss, Gg, Rb, Gg, Ss, Ss, Gg, Rb, Gg, Ss, Ss, Gg, Rb, Gg, Ss, Ss, Gg, Rb, Gg
Ss, Ss, Gg, Rb, Gg, Ss, Ss, Gg, Rb, Gg, Ss, Ss, Gg, Rb, Gg, Ss, Ss, Gg, Rb, Gg, Ss, Ss, Gg, Rb, Gg, Ss, Ss, Gg, Rb, Gg, Ss, Ss, Gg, Rb, Gg, Ss, Ss, Gg, Rb, Gg
Ss, Ds, Gg, Rb, Gg, Ss, Ds, Gg, Rb, Gg, Ss, Ds, Gg, Rb, Gg, Ss, Ds, Gg, Rb, Gg, Ss, Ss, Gg, Rb, Gg, Ss, Ss, Gg, Rb, Gg, Ss, Ss, Gg, Rb, Gg, Ss, Ss, Gg, Rb, Gg
Ds, Gg, Gg, Rb, Gg, Gg, Gg, Ds, Rb, Gg, Gg, Gg, Ds, Rb, Gg, Gg, Gg, Ds, Rb, Gg, Ss, Ss, Gg, Rb, Gg, Ss, Ss, Gg, Rb, Gg, Ss, Ss, Gg, Rb, Gg, Ss, Ss, Gg, Rb, Gg
Gg, Gg, Ds, Rb, Gg, Gg, Ds, Ds, Rb, Rb, Gg, Ds, Ds, Rb, Rb, Gg, Ds, Ds, Rb, Rb, Ss, Ss, Gg, Rb, Gg, Ss, Ss, Gg, Rb, Gg, Ss, Ss, Gg, Rb, Gg, Ss, Ss, Gg, Rb, Gg
Gg, Ds, Ds, Rb, Rb, Gg, Rb, Gg, Ss, Ds, Gg, Rb, Gg, Ss, Ds, Gg, Rb, Gg, Ss, Ds, Ss, Ss, Gg, Rb, Gg, Ss, Ss, Gg, Rb, Gg, Ss, Ss, Gg, Rb, Gg, Ss, Ss, Gg, Rb, Gg